2026-09-29 02:42:03,487 - INFO - No.of rows and columns in the given excel sheet : (303, 14)
2026-09-29 02:42:03,487 - INFO - No.of rows and columns after deleting duplicates : (303, 14)
2026-09-29 02:42:03,502 - INFO - Shape of train data : (     age  sex  cp  trestbps  chol  fbs  restecg  thalach  exang  oldpeak  slope  ca  thal
132   42    1   1       120   295    0        1      162      0      0.0      2   0     2
202   58    1   0       150   270    0        0      111      1      0.8      2   0     3
196   46    1   2       150   231    0        1      147      0      3.6      1   0     2
75    55    0   1       135   250    0        0      161      0      1.4      1   0     2
176   60    1   0       117   230    1        1      160      1      1.4      2   2     3
..   ...  ...  ..       ...   ...  ...      ...      ...    ...      ...    ...  ..   ...
188   50    1   2       140   233    0        1      163      0      0.6      1   1     3
71    51    1   2        94   227    0        1      154      1      0.0      2   1     3
106   69    1   3       160   234    1        0      131      0      0.1      1   1     2
270   46    1   0       120   249    0        0      144      0      0.8      2   0     3
102   63    0   1       140   195    0        1      179      0      0.0      2   2     2

[242 rows x 13 columns], 132    1
202    0
196    0
75     1
176    0
      ..
188    0
71     1
106    1
270    0
102    1
Name: target, Length: 242, dtype: int64)
2026-09-29 02:42:03,511 - INFO - Shape of test data : (     age  sex  cp  trestbps  chol  fbs  restecg  thalach  exang  oldpeak  slope  ca  thal
179   57    1   0       150   276    0        0      112      1      0.6      1   1     1
228   59    1   3       170   288    0        0      159      0      0.2      1   0     3
111   57    1   2       150   126    1        1      173      0      0.2      2   1     3
246   56    0   0       134   409    0        0      150      1      1.9      1   2     3
60    71    0   2       110   265    1        0      130      0      0.0      2   1     2
..   ...  ...  ..       ...   ...  ...      ...      ...    ...      ...    ...  ..   ...
249   69    1   2       140   254    0        0      146      0      2.0      1   3     3
104   50    1   2       129   196    0        1      163      0      0.0      2   0     2
300   68    1   0       144   193    1        1      141      0      3.4      1   2     3
193   60    1   0       145   282    0        0      142      1      2.8      1   2     3
184   50    1   0       150   243    0        0      128      0      2.6      1   0     3

[61 rows x 13 columns], 179    0
228    0
111    1
246    0
60     1
      ..
249    0
104    1
300    0
193    0
184    0
Name: target, Length: 61, dtype: int64)
2026-09-29 02:42:03,512 - INFO - Checking null values in the data : age         0
sex         0
cp          0
trestbps    0
chol        0
fbs         0
restecg     0
thalach     0
exang       0
oldpeak     0
slope       0
ca          0
thal        0
target      0
dtype: int64
2026-09-29 02:42:04,077 - INFO - After variable transformation the first 5 lines of data :      age_yeo_trim  sex_yeo_trim  cp_yeo_trim  trestbps_yeo_trim  ...  oldpeak_yeo_trim  slope_yeo_trim  ca_yeo_trim  thal_yeo_trim
132    178.847383      2.225002     0.647170           1.507035  ...          0.000000        3.401244     0.000000       2.895387
202    286.499635      2.225002     0.000000           1.517039  ...          0.515537        3.401244     0.000000       4.884102
196    204.198987      2.225002     0.986108           1.517039  ...          1.099140        1.365805     0.000000       2.895387
75     265.083943      0.000000     0.647170           1.512488  ...          0.721689        1.365805     0.000000       2.895387
176    301.074835      2.225002     0.000000           1.505810  ...          0.721689        3.401244     0.535293       4.884102

[5 rows x 13 columns]
2026-09-29 02:42:04,077 - INFO - Shape before over sampling : (242,)
2026-09-29 02:42:04,078 - INFO - Shape of 0 in the data before sampling 109
2026-09-29 02:42:04,078 - INFO - Shape of 1 in the data before sampling 133
2026-09-29 02:42:04,114 - INFO - Shape before over sampling : (266,)
2026-09-29 02:42:04,114 - INFO - Shape of 0 in the data before sampling 133
2026-09-29 02:42:04,114 - INFO - Shape of 1 in the data before sampling 133
2026-09-29 02:42:04,125 - INFO - ------------------------
2026-09-29 02:42:04,128 - INFO - Naive Bayes
2026-09-29 02:42:04,129 - INFO - Accuracy of Naive Bayes : 0.8032786885245902
2026-09-29 02:42:04,130 - INFO - Confusion Matrix :
 [[25  4]
 [ 8 24]]
2026-09-29 02:42:04,137 - INFO - Classification Report :               precision    recall  f1-score   support

           0       0.76      0.86      0.81        29
           1       0.86      0.75      0.80        32

    accuracy                           0.80        61
   macro avg       0.81      0.81      0.80        61
weighted avg       0.81      0.80      0.80        61

2026-09-29 02:42:04,137 - INFO - ------------------------
2026-09-29 02:42:09,165 - INFO - parameters are:{'var_smoothing': np.float64(1e-10)}
2026-09-29 02:42:09,165 - INFO - accuracy:0.8084556254367575
2026-09-29 02:42:09,168 - INFO - Custom input: [[ 33.    1.    3.  169.    0.7   0.    2. ]]
2026-09-29 02:42:09,168 - INFO - Scaled custom input: [[-3.71701366 -0.47254301  5.35866507 -3.21396082  0.60199016 -1.97748468
  -1.41899332]]
2026-09-29 02:42:09,168 - INFO - Prediction of Naive Bayes model: 1
